ipset=/4pda.to/vpn_domains
ipset=/sub.app.netsuite.com/vpn_domains
ipset=/app.netsuite.com/vpn_domains
ipset=/proxy.individual.githubcopilot.com/vpn_domains
ipset=/sub.individula.githubcopilot.com/vpn_domains
ipset=/sub.sub.githubcopilot.com/vpn_domains
ipset=/sub.github.com/vpn_domains
ipset=/github.com/vpn_domains
ipset=/origin-tracker.githubusercontent.com/vpn_domains
ipset=/copilot-telemetry.githubusercontent.com/vpn_domains
ipset=/copilot-proxy.githubusercontent.com/vpn_domains
ipset=/sub.copilot-telemetry.githubusercontent.com/vpn_domains
ipset=/sub.githubusercontent.com/vpn_domains
ipset=/githubusercontent.com/vpn_domains
ipset=/sub.v1.telemetry.coder.com/vpn_domains
ipset=/sub.default.exp-tas.com/vpn_domains
ipset=/sub.copilot-proxy.com/vpn_domains
ipset=/copilot.proxy.com/vpn_domains
ipset=/sub.events.data.microsoft.com/vpn_domains
ipset=/sub.githubcopilot.com/vpn_domains
ipset=/sub.individual.githubcopilot.com/vpn_domains
ipset=/individual.githubcopilot.com/vpn_domains
ipset=/sub.business.githubcopilot.com/vpn_domains
ipset=/sub.enterprise.githubcopilot.com/vpn_domains
ipset=/api.github.com/vpn_domains
ipset=/netsuite.com/vpn_domains
