nftset=/4pda.to/vpn_domains
nftset=/sub.app.netsuite.com/vpn_domains
nftset=/app.netsuite.com/vpn_domains
nftset=/proxy.individual.githubcopilot.com/vpn_domains
nftset=/sub.individula.githubcopilot.com/vpn_domains
nftset=/sub.sub.githubcopilot.com/vpn_domains
nftset=/sub.github.com/vpn_domains
nftset=/github.com/vpn_domains
nftset=/origin-tracker.githubusercontent.com/vpn_domains
nftset=/copilot-telemetry.githubusercontent.com/vpn_domains
nftset=/copilot-proxy.githubusercontent.com/vpn_domains
nftset=/sub.copilot-telemetry.githubusercontent.com/vpn_domains
nftset=/sub.githubusercontent.com/vpn_domains
nftset=/githubusercontent.com/vpn_domains
nftset=/sub.v1.telemetry.coder.com/vpn_domains
nftset=/sub.default.exp-tas.com/vpn_domains
nftset=/sub.copilot-proxy.com/vpn_domains
nftset=/copilot.proxy.com/vpn_domains
nftset=/sub.events.data.microsoft.com/vpn_domains
nftset=/sub.githubcopilot.com/vpn_domains
nftset=/sub.individual.githubcopilot.com/vpn_domains
nftset=/individual.githubcopilot.com/vpn_domains
nftset=/sub.business.githubcopilot.com/vpn_domains
nftset=/sub.enterprise.githubcopilot.com/vpn_domains
nftset=/api.github.com/vpn_domains
nftset=/netsuite.com/vpn_domains
